// Jest Snapshot v1, https://goo.gl/fbAQLP

exports[`Seeker should render 1`] = `
<div>
  <div
    class="dm-seeker"
  >
    <div
      class="dm-seeker__track"
    />
    <div
      class="dm-seeker__indicator"
      style="left: 0%; width: 6.206640237859267%;"
    />
    <div
      class="dm-seeker__position"
      style="left: 0.09910802775024777%;"
    />
    <div
      class="dm-seeker__minimap"
    />
  </div>
</div>
`;
